✅ Command-module запущен на порту 3000
   Доступен по адресу: http://localhost:3000
✅ Command-module запущен на порту 3000
   Доступен по адресу: http://localhost:3000
✅ Command-module запущен на порту 3000
   Доступен по адресу: http://localhost:3000
✅ Command-module запущен на порту 3000
   Веб-интерфейс: http://localhost:3000
   API доступен по /api/*
⚠️ КОРРЕКЦИЯ КООРДИНАТ: отклонение 5.11 > 5
✅ Command-module запущен на порту 3000
   Веб-интерфейс: http://localhost:3000
   API доступен по /api/*
✅ Command-module запущен на порту 3000
   Веб-интерфейс: http://localhost:3000
   API доступен по /api/*
⚠️ КОРРЕКЦИЯ КООРДИНАТ: отклонение 5.22 > 5
⚠️ КОРРЕКЦИЯ КООРДИНАТ: отклонение 5.14 > 5
⚠️ КОРРЕКЦИЯ КООРДИНАТ: отклонение 5.26 > 5
⚠️ КОРРЕКЦИЯ КООРДИНАТ: отклонение 5.09 > 5
⚠️ КОРРЕКЦИЯ КООРДИНАТ: отклонение 5.22 > 5
⚠️ КОРРЕКЦИЯ КООРДИНАТ: отклонение 5.40 > 5
⚠️ КОРРЕКЦИЯ КООРДИНАТ: отклонение 5.68 > 5
⚠️ КОРРЕКЦИЯ КООРДИНАТ: отклонение 5.26 > 5
⚠️ КОРРЕКЦИЯ КООРДИНАТ: отклонение 5.36 > 5
⚠️ КОРРЕКЦИЯ КООРДИНАТ: отклонение 5.02 > 5
⚠️ КОРРЕКЦИЯ КООРДИНАТ: отклонение 5.08 > 5
