🛰️ Orientation worker 14884 запущен
🛰️ Orientation worker 9480 запущен
⚠️ [9480] КОРРЕКЦИЯ: отклонение (100.81, 99.44, 100.87) > 5
✅ [9480] Ориентация стабильна: (100.68, NaN, NaN)
✅ [9480] Ориентация стабильна: (100.90, NaN, NaN)
✅ [9480] Ориентация стабильна: (101.97, NaN, NaN)
✅ [9480] Ориентация стабильна: (101.61, NaN, NaN)
✅ [9480] Ориентация стабильна: (101.88, NaN, NaN)
✅ [9480] Ориентация стабильна: (102.07, NaN, NaN)
✅ [9480] Ориентация стабильна: (101.74, NaN, NaN)
✅ [9480] Ориентация стабильна: (102.39, NaN, NaN)
✅ [9480] Ориентация стабильна: (101.08, NaN, NaN)
✅ [9480] Ориентация стабильна: (99.85, NaN, NaN)
✅ [9480] Ориентация стабильна: (100.66, NaN, NaN)
✅ [9480] Ориентация стабильна: (102.16, NaN, NaN)
✅ [9480] Ориентация стабильна: (102.56, NaN, NaN)
✅ [9480] Ориентация стабильна: (103.50, NaN, NaN)
✅ [9480] Ориентация стабильна: (104.10, NaN, NaN)
✅ [9480] Ориентация стабильна: (104.69, NaN, NaN)
✅ [9480] Ориентация стабильна: (105.02, NaN, NaN)
✅ [9480] Ориентация стабильна: (104.75, NaN, NaN)
✅ [9480] Ориентация стабильна: (104.24, NaN, NaN)
✅ [9480] Ориентация стабильна: (102.82, NaN, NaN)
✅ [9480] Ориентация стабильна: (102.50, NaN, NaN)
✅ [9480] Ориентация стабильна: (102.58, NaN, NaN)
✅ [9480] Ориентация стабильна: (102.05, NaN, NaN)
✅ [9480] Ориентация стабильна: (102.47, NaN, NaN)
✅ [9480] Ориентация стабильна: (101.81, NaN, NaN)
✅ [9480] Ориентация стабильна: (100.34, NaN, NaN)
✅ [9480] Ориентация стабильна: (99.14, NaN, NaN)
✅ [9480] Ориентация стабильна: (99.43, NaN, NaN)
✅ [9480] Ориентация стабильна: (100.53, NaN, NaN)
✅ [9480] Ориентация стабильна: (101.09, NaN, NaN)
✅ [9480] Ориентация стабильна: (101.72, NaN, NaN)
✅ [9480] Ориентация стабильна: (102.80, NaN, NaN)
✅ [9480] Ориентация стабильна: (102.87, NaN, NaN)
✅ [9480] Ориентация стабильна: (103.33, NaN, NaN)
✅ [9480] Ориентация стабильна: (102.24, NaN, NaN)
✅ [9480] Ориентация стабильна: (103.17, NaN, NaN)
✅ [9480] Ориентация стабильна: (103.42, NaN, NaN)
✅ [9480] Ориентация стабильна: (103.19, NaN, NaN)
✅ [9480] Ориентация стабильна: (102.85, NaN, NaN)
✅ [9480] Ориентация стабильна: (103.28, NaN, NaN)
✅ [9480] Ориентация стабильна: (103.52, NaN, NaN)
✅ [9480] Ориентация стабильна: (103.60, NaN, NaN)
✅ [9480] Ориентация стабильна: (102.50, NaN, NaN)
✅ [9480] Ориентация стабильна: (101.64, NaN, NaN)
✅ [9480] Ориентация стабильна: (101.51, NaN, NaN)
✅ [9480] Ориентация стабильна: (102.44, NaN, NaN)
✅ [9480] Ориентация стабильна: (102.37, NaN, NaN)
✅ [9480] Ориентация стабильна: (102.12, NaN, NaN)
✅ [9480] Ориентация стабильна: (100.74, NaN, NaN)
✅ [9480] Ориентация стабильна: (99.95, NaN, NaN)
✅ [9480] Ориентация стабильна: (101.64, NaN, NaN)
✅ [9480] Ориентация стабильна: (102.86, NaN, NaN)
✅ [9480] Ориентация стабильна: (104.45, NaN, NaN)
✅ [9480] Ориентация стабильна: (104.89, NaN, NaN)
✅ [9480] Ориентация стабильна: (103.75, NaN, NaN)
✅ [9480] Ориентация стабильна: (103.84, NaN, NaN)
✅ [9480] Ориентация стабильна: (102.40, NaN, NaN)
✅ [9480] Ориентация стабильна: (103.53, NaN, NaN)
✅ [9480] Ориентация стабильна: (104.53, NaN, NaN)
✅ [9480] Ориентация стабильна: (105.89, NaN, NaN)
✅ [9480] Ориентация стабильна: (105.66, NaN, NaN)
✅ [9480] Ориентация стабильна: (106.90, NaN, NaN)
✅ [9480] Ориентация стабильна: (108.04, NaN, NaN)
✅ [9480] Ориентация стабильна: (107.15, NaN, NaN)
✅ [9480] Ориентация стабильна: (106.06, NaN, NaN)
✅ [9480] Ориентация стабильна: (104.96, NaN, NaN)
✅ [9480] Ориентация стабильна: (105.00, NaN, NaN)
✅ [9480] Ориентация стабильна: (103.76, NaN, NaN)
✅ [9480] Ориентация стабильна: (102.74, NaN, NaN)
✅ [9480] Ориентация стабильна: (102.24, NaN, NaN)
✅ [9480] Ориентация стабильна: (103.12, NaN, NaN)
✅ [9480] Ориентация стабильна: (102.69, NaN, NaN)
✅ [9480] Ориентация стабильна: (103.61, NaN, NaN)
✅ [9480] Ориентация стабильна: (104.39, NaN, NaN)
✅ [9480] Ориентация стабильна: (103.52, NaN, NaN)
✅ [9480] Ориентация стабильна: (103.61, NaN, NaN)
✅ [9480] Ориентация стабильна: (104.28, NaN, NaN)
✅ [9480] Ориентация стабильна: (104.08, NaN, NaN)
✅ [9480] Ориентация стабильна: (103.70, NaN, NaN)
✅ [9480] Ориентация стабильна: (104.73, NaN, NaN)
✅ [9480] Ориентация стабильна: (104.90, NaN, NaN)
✅ [9480] Ориентация стабильна: (104.23, NaN, NaN)
✅ [9480] Ориентация стабильна: (104.69, NaN, NaN)
✅ [9480] Ориентация стабильна: (104.10, NaN, NaN)
✅ [9480] Ориентация стабильна: (103.79, NaN, NaN)
✅ [9480] Ориентация стабильна: (105.32, NaN, NaN)
✅ [9480] Ориентация стабильна: (105.34, NaN, NaN)
✅ [9480] Ориентация стабильна: (105.22, NaN, NaN)
✅ [9480] Ориентация стабильна: (104.75, NaN, NaN)
✅ [9480] Ориентация стабильна: (103.67, NaN, NaN)
✅ [9480] Ориентация стабильна: (103.89, NaN, NaN)
✅ [9480] Ориентация стабильна: (104.51, NaN, NaN)
✅ [9480] Ориентация стабильна: (105.52, NaN, NaN)
✅ [9480] Ориентация стабильна: (104.51, NaN, NaN)
✅ [9480] Ориентация стабильна: (102.93, NaN, NaN)
✅ [9480] Ориентация стабильна: (103.48, NaN, NaN)
✅ [9480] Ориентация стабильна: (104.04, NaN, NaN)
✅ [9480] Ориентация стабильна: (104.11, NaN, NaN)
✅ [9480] Ориентация стабильна: (104.68, NaN, NaN)
✅ [9480] Ориентация стабильна: (105.53, NaN, NaN)
✅ [9480] Ориентация стабильна: (104.27, NaN, NaN)
✅ [9480] Ориентация стабильна: (104.07, NaN, NaN)
✅ [9480] Ориентация стабильна: (104.07, NaN, NaN)
✅ [9480] Ориентация стабильна: (104.04, NaN, NaN)
✅ [9480] Ориентация стабильна: (104.37, NaN, NaN)
✅ [9480] Ориентация стабильна: (104.98, NaN, NaN)
✅ [9480] Ориентация стабильна: (105.43, NaN, NaN)
✅ [9480] Ориентация стабильна: (105.62, NaN, NaN)
✅ [9480] Ориентация стабильна: (107.10, NaN, NaN)
✅ [9480] Ориентация стабильна: (107.92, NaN, NaN)
✅ [9480] Ориентация стабильна: (107.85, NaN, NaN)
✅ [9480] Ориентация стабильна: (107.51, NaN, NaN)
✅ [9480] Ориентация стабильна: (106.47, NaN, NaN)
✅ [9480] Ориентация стабильна: (106.41, NaN, NaN)
✅ [9480] Ориентация стабильна: (106.06, NaN, NaN)
✅ [9480] Ориентация стабильна: (104.77, NaN, NaN)
✅ [9480] Ориентация стабильна: (104.24, NaN, NaN)
✅ [9480] Ориентация стабильна: (104.35, NaN, NaN)
✅ [9480] Ориентация стабильна: (105.60, NaN, NaN)
✅ [9480] Ориентация стабильна: (106.62, NaN, NaN)
✅ [9480] Ориентация стабильна: (105.79, NaN, NaN)
✅ [9480] Ориентация стабильна: (106.51, NaN, NaN)
✅ [9480] Ориентация стабильна: (106.11, NaN, NaN)
✅ [9480] Ориентация стабильна: (106.96, NaN, NaN)
✅ [9480] Ориентация стабильна: (106.05, NaN, NaN)
✅ [9480] Ориентация стабильна: (105.77, NaN, NaN)
✅ [9480] Ориентация стабильна: (106.95, NaN, NaN)
✅ [9480] Ориентация стабильна: (106.80, NaN, NaN)
✅ [9480] Ориентация стабильна: (105.29, NaN, NaN)
✅ [9480] Ориентация стабильна: (104.95, NaN, NaN)
✅ [9480] Ориентация стабильна: (104.73, NaN, NaN)
✅ [9480] Ориентация стабильна: (105.18, NaN, NaN)
✅ [9480] Ориентация стабильна: (104.38, NaN, NaN)
✅ [9480] Ориентация стабильна: (103.22, NaN, NaN)
✅ [9480] Ориентация стабильна: (102.71, NaN, NaN)
✅ [9480] Ориентация стабильна: (103.43, NaN, NaN)
✅ [9480] Ориентация стабильна: (104.71, NaN, NaN)
✅ [9480] Ориентация стабильна: (105.90, NaN, NaN)
✅ [9480] Ориентация стабильна: (104.64, NaN, NaN)
✅ [9480] Ориентация стабильна: (106.33, NaN, NaN)
✅ [9480] Ориентация стабильна: (106.61, NaN, NaN)
✅ [9480] Ориентация стабильна: (107.21, NaN, NaN)
✅ [9480] Ориентация стабильна: (107.92, NaN, NaN)
✅ [9480] Ориентация стабильна: (107.94, NaN, NaN)
✅ [9480] Ориентация стабильна: (107.91, NaN, NaN)
✅ [9480] Ориентация стабильна: (107.41, NaN, NaN)
✅ [9480] Ориентация стабильна: (105.98, NaN, NaN)
✅ [9480] Ориентация стабильна: (106.06, NaN, NaN)
✅ [9480] Ориентация стабильна: (107.08, NaN, NaN)
✅ [9480] Ориентация стабильна: (105.76, NaN, NaN)
✅ [9480] Ориентация стабильна: (106.01, NaN, NaN)
✅ [9480] Ориентация стабильна: (107.36, NaN, NaN)
✅ [9480] Ориентация стабильна: (108.20, NaN, NaN)
✅ [9480] Ориентация стабильна: (107.77, NaN, NaN)
✅ [9480] Ориентация стабильна: (107.72, NaN, NaN)
✅ [9480] Ориентация стабильна: (107.90, NaN, NaN)
✅ [9480] Ориентация стабильна: (106.98, NaN, NaN)
✅ [9480] Ориентация стабильна: (107.00, NaN, NaN)
✅ [9480] Ориентация стабильна: (107.68, NaN, NaN)
✅ [9480] Ориентация стабильна: (106.75, NaN, NaN)
✅ [9480] Ориентация стабильна: (107.47, NaN, NaN)
✅ [9480] Ориентация стабильна: (108.42, NaN, NaN)
✅ [9480] Ориентация стабильна: (107.00, NaN, NaN)
✅ [9480] Ориентация стабильна: (107.36, NaN, NaN)
✅ [9480] Ориентация стабильна: (105.78, NaN, NaN)
✅ [9480] Ориентация стабильна: (106.29, NaN, NaN)
✅ [9480] Ориентация стабильна: (106.99, NaN, NaN)
✅ [9480] Ориентация стабильна: (106.79, NaN, NaN)
✅ [9480] Ориентация стабильна: (107.54, NaN, NaN)
✅ [9480] Ориентация стабильна: (106.51, NaN, NaN)
✅ [9480] Ориентация стабильна: (107.38, NaN, NaN)
✅ [9480] Ориентация стабильна: (107.69, NaN, NaN)
✅ [9480] Ориентация стабильна: (107.93, NaN, NaN)
✅ [9480] Ориентация стабильна: (107.87, NaN, NaN)
✅ [9480] Ориентация стабильна: (106.49, NaN, NaN)
✅ [9480] Ориентация стабильна: (106.33, NaN, NaN)
✅ [9480] Ориентация стабильна: (106.58, NaN, NaN)
✅ [9480] Ориентация стабильна: (107.33, NaN, NaN)
✅ [9480] Ориентация стабильна: (106.14, NaN, NaN)
✅ [9480] Ориентация стабильна: (105.90, NaN, NaN)
✅ [9480] Ориентация стабильна: (105.75, NaN, NaN)
✅ [9480] Ориентация стабильна: (105.18, NaN, NaN)
✅ [9480] Ориентация стабильна: (106.83, NaN, NaN)
✅ [9480] Ориентация стабильна: (106.15, NaN, NaN)
✅ [9480] Ориентация стабильна: (104.98, NaN, NaN)
✅ [9480] Ориентация стабильна: (104.43, NaN, NaN)
✅ [9480] Ориентация стабильна: (104.88, NaN, NaN)
✅ [9480] Ориентация стабильна: (103.88, NaN, NaN)
✅ [9480] Ориентация стабильна: (103.91, NaN, NaN)
✅ [9480] Ориентация стабильна: (105.41, NaN, NaN)
✅ [9480] Ориентация стабильна: (104.71, NaN, NaN)
✅ [9480] Ориентация стабильна: (103.65, NaN, NaN)
✅ [9480] Ориентация стабильна: (103.12, NaN, NaN)
✅ [9480] Ориентация стабильна: (104.08, NaN, NaN)
✅ [9480] Ориентация стабильна: (103.00, NaN, NaN)
✅ [9480] Ориентация стабильна: (102.35, NaN, NaN)
✅ [9480] Ориентация стабильна: (102.02, NaN, NaN)
✅ [9480] Ориентация стабильна: (102.42, NaN, NaN)
✅ [9480] Ориентация стабильна: (101.88, NaN, NaN)
✅ [9480] Ориентация стабильна: (103.13, NaN, NaN)
✅ [9480] Ориентация стабильна: (102.43, NaN, NaN)
✅ [9480] Ориентация стабильна: (102.20, NaN, NaN)
✅ [9480] Ориентация стабильна: (102.43, NaN, NaN)
✅ [9480] Ориентация стабильна: (102.05, NaN, NaN)
✅ [9480] Ориентация стабильна: (101.09, NaN, NaN)
✅ [9480] Ориентация стабильна: (99.20, NaN, NaN)
✅ [9480] Ориентация стабильна: (98.73, NaN, NaN)
✅ [9480] Ориентация стабильна: (99.04, NaN, NaN)
✅ [9480] Ориентация стабильна: (100.68, NaN, NaN)
✅ [9480] Ориентация стабильна: (100.28, NaN, NaN)
✅ [9480] Ориентация стабильна: (101.40, NaN, NaN)
✅ [9480] Ориентация стабильна: (100.93, NaN, NaN)
✅ [9480] Ориентация стабильна: (100.64, NaN, NaN)
✅ [9480] Ориентация стабильна: (101.32, NaN, NaN)
✅ [9480] Ориентация стабильна: (102.02, NaN, NaN)
✅ [9480] Ориентация стабильна: (102.11, NaN, NaN)
✅ [9480] Ориентация стабильна: (100.49, NaN, NaN)
✅ [9480] Ориентация стабильна: (99.77, NaN, NaN)
✅ [9480] Ориентация стабильна: (100.37, NaN, NaN)
✅ [9480] Ориентация стабильна: (100.06, NaN, NaN)
✅ [9480] Ориентация стабильна: (99.73, NaN, NaN)
✅ [9480] Ориентация стабильна: (100.74, NaN, NaN)
✅ [9480] Ориентация стабильна: (98.92, NaN, NaN)
✅ [9480] Ориентация стабильна: (99.21, NaN, NaN)
✅ [9480] Ориентация стабильна: (99.98, NaN, NaN)
✅ [9480] Ориентация стабильна: (99.68, NaN, NaN)
✅ [9480] Ориентация стабильна: (99.18, NaN, NaN)
✅ [9480] Ориентация стабильна: (97.95, NaN, NaN)
✅ [9480] Ориентация стабильна: (97.04, NaN, NaN)
✅ [9480] Ориентация стабильна: (96.77, NaN, NaN)
✅ [9480] Ориентация стабильна: (96.74, NaN, NaN)
✅ [9480] Ориентация стабильна: (96.85, NaN, NaN)
✅ [9480] Ориентация стабильна: (97.84, NaN, NaN)
✅ [9480] Ориентация стабильна: (98.26, NaN, NaN)
✅ [9480] Ориентация стабильна: (98.41, NaN, NaN)
