🛰️ Orientation worker 2076 запущен
🛰️ Orientation worker 2380 запущен
✅ [2380] Ориентация стабильна: (100.64, NaN, NaN)
✅ [2380] Ориентация стабильна: (100.70, NaN, NaN)
✅ [2380] Ориентация стабильна: (101.40, NaN, NaN)
✅ [2380] Ориентация стабильна: (102.18, NaN, NaN)
✅ [2380] Ориентация стабильна: (101.64, NaN, NaN)
✅ [2380] Ориентация стабильна: (101.14, NaN, NaN)
✅ [2380] Ориентация стабильна: (102.55, NaN, NaN)
✅ [2380] Ориентация стабильна: (102.63, NaN, NaN)
✅ [2380] Ориентация стабильна: (102.00, NaN, NaN)
✅ [2380] Ориентация стабильна: (100.44, NaN, NaN)
✅ [2380] Ориентация стабильна: (99.72, NaN, NaN)
✅ [2380] Ориентация стабильна: (101.35, NaN, NaN)
✅ [2380] Ориентация стабильна: (102.23, NaN, NaN)
✅ [2380] Ориентация стабильна: (102.56, NaN, NaN)
✅ [2380] Ориентация стабильна: (104.20, NaN, NaN)
✅ [2380] Ориентация стабильна: (104.19, NaN, NaN)
✅ [2380] Ориентация стабильна: (105.52, NaN, NaN)
✅ [2380] Ориентация стабильна: (104.29, NaN, NaN)
✅ [2380] Ориентация стабильна: (104.92, NaN, NaN)
✅ [2380] Ориентация стабильна: (103.54, NaN, NaN)
✅ [2380] Ориентация стабильна: (101.87, NaN, NaN)
✅ [2380] Ориентация стабильна: (102.36, NaN, NaN)
✅ [2380] Ориентация стабильна: (101.98, NaN, NaN)
✅ [2380] Ориентация стабильна: (102.47, NaN, NaN)
✅ [2380] Ориентация стабильна: (102.66, NaN, NaN)
✅ [2380] Ориентация стабильна: (101.30, NaN, NaN)
✅ [2380] Ориентация стабильна: (99.52, NaN, NaN)
✅ [2380] Ориентация стабильна: (98.64, NaN, NaN)
✅ [2380] Ориентация стабильна: (99.67, NaN, NaN)
✅ [2380] Ориентация стабильна: (100.35, NaN, NaN)
✅ [2380] Ориентация стабильна: (100.88, NaN, NaN)
✅ [2380] Ориентация стабильна: (102.68, NaN, NaN)
✅ [2380] Ориентация стабильна: (103.53, NaN, NaN)
✅ [2380] Ориентация стабильна: (103.41, NaN, NaN)
✅ [2380] Ориентация стабильна: (102.68, NaN, NaN)
✅ [2380] Ориентация стабильна: (103.11, NaN, NaN)
✅ [2380] Ориентация стабильна: (103.76, NaN, NaN)
✅ [2380] Ориентация стабильна: (102.86, NaN, NaN)
✅ [2380] Ориентация стабильна: (103.17, NaN, NaN)
✅ [2380] Ориентация стабильна: (102.29, NaN, NaN)
✅ [2380] Ориентация стабильна: (103.47, NaN, NaN)
✅ [2380] Ориентация стабильна: (103.17, NaN, NaN)
✅ [2380] Ориентация стабильна: (102.61, NaN, NaN)
✅ [2380] Ориентация стабильна: (102.36, NaN, NaN)
✅ [2380] Ориентация стабильна: (101.16, NaN, NaN)
✅ [2380] Ориентация стабильна: (102.07, NaN, NaN)
✅ [2380] Ориентация стабильна: (103.24, NaN, NaN)
✅ [2380] Ориентация стабильна: (102.76, NaN, NaN)
✅ [2380] Ориентация стабильна: (101.33, NaN, NaN)
✅ [2380] Ориентация стабильна: (99.81, NaN, NaN)
✅ [2380] Ориентация стабильна: (100.68, NaN, NaN)
✅ [2380] Ориентация стабильна: (102.52, NaN, NaN)
✅ [2380] Ориентация стабильна: (103.53, NaN, NaN)
✅ [2380] Ориентация стабильна: (105.01, NaN, NaN)
✅ [2380] Ориентация стабильна: (104.45, NaN, NaN)
✅ [2380] Ориентация стабильна: (102.86, NaN, NaN)
✅ [2380] Ориентация стабильна: (103.04, NaN, NaN)
✅ [2380] Ориентация стабильна: (102.94, NaN, NaN)
✅ [2380] Ориентация стабильна: (103.81, NaN, NaN)
✅ [2380] Ориентация стабильна: (105.00, NaN, NaN)
✅ [2380] Ориентация стабильна: (105.76, NaN, NaN)
✅ [2380] Ориентация стабильна: (106.61, NaN, NaN)
✅ [2380] Ориентация стабильна: (107.20, NaN, NaN)
✅ [2380] Ориентация стабильна: (107.38, NaN, NaN)
✅ [2380] Ориентация стабильна: (106.41, NaN, NaN)
✅ [2380] Ориентация стабильна: (105.81, NaN, NaN)
✅ [2380] Ориентация стабильна: (104.63, NaN, NaN)
✅ [2380] Ориентация стабильна: (104.20, NaN, NaN)
✅ [2380] Ориентация стабильна: (103.03, NaN, NaN)
✅ [2380] Ориентация стабильна: (102.00, NaN, NaN)
✅ [2380] Ориентация стабильна: (103.12, NaN, NaN)
✅ [2380] Ориентация стабильна: (102.56, NaN, NaN)
✅ [2380] Ориентация стабильна: (103.36, NaN, NaN)
✅ [2380] Ориентация стабильна: (104.04, NaN, NaN)
✅ [2380] Ориентация стабильна: (104.09, NaN, NaN)
✅ [2380] Ориентация стабильна: (103.75, NaN, NaN)
✅ [2380] Ориентация стабильна: (104.03, NaN, NaN)
✅ [2380] Ориентация стабильна: (105.02, NaN, NaN)
✅ [2380] Ориентация стабильна: (104.51, NaN, NaN)
✅ [2380] Ориентация стабильна: (104.66, NaN, NaN)
✅ [2380] Ориентация стабильна: (105.67, NaN, NaN)
✅ [2380] Ориентация стабильна: (104.99, NaN, NaN)
✅ [2380] Ориентация стабильна: (103.77, NaN, NaN)
✅ [2380] Ориентация стабильна: (104.64, NaN, NaN)
✅ [2380] Ориентация стабильна: (103.92, NaN, NaN)
✅ [2380] Ориентация стабильна: (104.50, NaN, NaN)
✅ [2380] Ориентация стабильна: (104.89, NaN, NaN)
✅ [2380] Ориентация стабильна: (104.90, NaN, NaN)
✅ [2380] Ориентация стабильна: (104.95, NaN, NaN)
✅ [2380] Ориентация стабильна: (103.88, NaN, NaN)
✅ [2380] Ориентация стабильна: (104.30, NaN, NaN)
✅ [2380] Ориентация стабильна: (104.79, NaN, NaN)
✅ [2380] Ориентация стабильна: (105.25, NaN, NaN)
✅ [2380] Ориентация стабильна: (104.58, NaN, NaN)
✅ [2380] Ориентация стабильна: (103.58, NaN, NaN)
✅ [2380] Ориентация стабильна: (103.00, NaN, NaN)
✅ [2380] Ориентация стабильна: (103.07, NaN, NaN)
✅ [2380] Ориентация стабильна: (103.44, NaN, NaN)
✅ [2380] Ориентация стабильна: (104.93, NaN, NaN)
✅ [2380] Ориентация стабильна: (105.38, NaN, NaN)
✅ [2380] Ориентация стабильна: (104.66, NaN, NaN)
✅ [2380] Ориентация стабильна: (103.54, NaN, NaN)
✅ [2380] Ориентация стабильна: (103.07, NaN, NaN)
✅ [2380] Ориентация стабильна: (103.19, NaN, NaN)
✅ [2380] Ориентация стабильна: (103.88, NaN, NaN)
✅ [2380] Ориентация стабильна: (104.99, NaN, NaN)
✅ [2380] Ориентация стабильна: (105.41, NaN, NaN)
✅ [2380] Ориентация стабильна: (105.27, NaN, NaN)
✅ [2380] Ориентация стабильна: (106.38, NaN, NaN)
✅ [2380] Ориентация стабильна: (107.21, NaN, NaN)
✅ [2380] Ориентация стабильна: (108.29, NaN, NaN)
✅ [2380] Ориентация стабильна: (106.93, NaN, NaN)
✅ [2380] Ориентация стабильна: (106.74, NaN, NaN)
✅ [2380] Ориентация стабильна: (106.05, NaN, NaN)
✅ [2380] Ориентация стабильна: (105.71, NaN, NaN)
✅ [2380] Ориентация стабильна: (105.61, NaN, NaN)
✅ [2380] Ориентация стабильна: (105.05, NaN, NaN)
✅ [2380] Ориентация стабильна: (103.46, NaN, NaN)
✅ [2380] Ориентация стабильна: (105.07, NaN, NaN)
✅ [2380] Ориентация стабильна: (105.73, NaN, NaN)
✅ [2380] Ориентация стабильна: (106.38, NaN, NaN)
✅ [2380] Ориентация стабильна: (105.55, NaN, NaN)
✅ [2380] Ориентация стабильна: (106.52, NaN, NaN)
✅ [2380] Ориентация стабильна: (105.97, NaN, NaN)
✅ [2380] Ориентация стабильна: (106.83, NaN, NaN)
✅ [2380] Ориентация стабильна: (105.14, NaN, NaN)
✅ [2380] Ориентация стабильна: (106.63, NaN, NaN)
✅ [2380] Ориентация стабильна: (107.36, NaN, NaN)
✅ [2380] Ориентация стабильна: (105.91, NaN, NaN)
✅ [2380] Ориентация стабильна: (105.77, NaN, NaN)
✅ [2380] Ориентация стабильна: (104.58, NaN, NaN)
✅ [2380] Ориентация стабильна: (105.35, NaN, NaN)
✅ [2380] Ориентация стабильна: (104.22, NaN, NaN)
✅ [2380] Ориентация стабильна: (103.81, NaN, NaN)
✅ [2380] Ориентация стабильна: (103.17, NaN, NaN)
✅ [2380] Ориентация стабильна: (103.46, NaN, NaN)
✅ [2380] Ориентация стабильна: (104.15, NaN, NaN)
✅ [2380] Ориентация стабильна: (105.24, NaN, NaN)
✅ [2380] Ориентация стабильна: (104.95, NaN, NaN)
✅ [2380] Ориентация стабильна: (105.51, NaN, NaN)
✅ [2380] Ориентация стабильна: (106.81, NaN, NaN)
✅ [2380] Ориентация стабильна: (107.02, NaN, NaN)
✅ [2380] Ориентация стабильна: (107.91, NaN, NaN)
✅ [2380] Ориентация стабильна: (108.17, NaN, NaN)
✅ [2380] Ориентация стабильна: (108.81, NaN, NaN)
✅ [2380] Ориентация стабильна: (107.18, NaN, NaN)
✅ [2380] Ориентация стабильна: (106.97, NaN, NaN)
✅ [2380] Ориентация стабильна: (105.50, NaN, NaN)
✅ [2380] Ориентация стабильна: (106.45, NaN, NaN)
✅ [2380] Ориентация стабильна: (106.32, NaN, NaN)
✅ [2380] Ориентация стабильна: (105.81, NaN, NaN)
✅ [2380] Ориентация стабильна: (106.40, NaN, NaN)
✅ [2380] Ориентация стабильна: (107.79, NaN, NaN)
✅ [2380] Ориентация стабильна: (108.08, NaN, NaN)
✅ [2380] Ориентация стабильна: (107.00, NaN, NaN)
✅ [2380] Ориентация стабильна: (107.41, NaN, NaN)
✅ [2380] Ориентация стабильна: (107.85, NaN, NaN)
✅ [2380] Ориентация стабильна: (107.39, NaN, NaN)
✅ [2380] Ориентация стабильна: (107.54, NaN, NaN)
✅ [2380] Ориентация стабильна: (107.01, NaN, NaN)
✅ [2380] Ориентация стабильна: (107.47, NaN, NaN)
✅ [2380] Ориентация стабильна: (107.77, NaN, NaN)
✅ [2380] Ориентация стабильна: (107.99, NaN, NaN)
✅ [2380] Ориентация стабильна: (106.58, NaN, NaN)
✅ [2380] Ориентация стабильна: (106.36, NaN, NaN)
✅ [2380] Ориентация стабильна: (106.44, NaN, NaN)
✅ [2380] Ориентация стабильна: (107.17, NaN, NaN)
✅ [2380] Ориентация стабильна: (106.97, NaN, NaN)
✅ [2380] Ориентация стабильна: (106.86, NaN, NaN)
✅ [2380] Ориентация стабильна: (106.76, NaN, NaN)
✅ [2380] Ориентация стабильна: (106.74, NaN, NaN)
✅ [2380] Ориентация стабильна: (106.88, NaN, NaN)
✅ [2380] Ориентация стабильна: (107.44, NaN, NaN)
✅ [2380] Ориентация стабильна: (106.94, NaN, NaN)
✅ [2380] Ориентация стабильна: (107.13, NaN, NaN)
✅ [2380] Ориентация стабильна: (106.02, NaN, NaN)
✅ [2380] Ориентация стабильна: (106.80, NaN, NaN)
✅ [2380] Ориентация стабильна: (107.11, NaN, NaN)
✅ [2380] Ориентация стабильна: (106.91, NaN, NaN)
✅ [2380] Ориентация стабильна: (106.80, NaN, NaN)
✅ [2380] Ориентация стабильна: (105.77, NaN, NaN)
✅ [2380] Ориентация стабильна: (105.40, NaN, NaN)
✅ [2380] Ориентация стабильна: (106.12, NaN, NaN)
✅ [2380] Ориентация стабильна: (106.60, NaN, NaN)
✅ [2380] Ориентация стабильна: (105.45, NaN, NaN)
✅ [2380] Ориентация стабильна: (104.62, NaN, NaN)
✅ [2380] Ориентация стабильна: (105.21, NaN, NaN)
✅ [2380] Ориентация стабильна: (104.32, NaN, NaN)
✅ [2380] Ориентация стабильна: (104.03, NaN, NaN)
✅ [2380] Ориентация стабильна: (104.61, NaN, NaN)
✅ [2380] Ориентация стабильна: (105.69, NaN, NaN)
✅ [2380] Ориентация стабильна: (104.49, NaN, NaN)
✅ [2380] Ориентация стабильна: (103.67, NaN, NaN)
✅ [2380] Ориентация стабильна: (103.11, NaN, NaN)
✅ [2380] Ориентация стабильна: (103.16, NaN, NaN)
✅ [2380] Ориентация стабильна: (102.94, NaN, NaN)
✅ [2380] Ориентация стабильна: (101.35, NaN, NaN)
✅ [2380] Ориентация стабильна: (101.68, NaN, NaN)
✅ [2380] Ориентация стабильна: (101.65, NaN, NaN)
✅ [2380] Ориентация стабильна: (102.29, NaN, NaN)
✅ [2380] Ориентация стабильна: (103.33, NaN, NaN)
✅ [2380] Ориентация стабильна: (102.97, NaN, NaN)
✅ [2380] Ориентация стабильна: (102.81, NaN, NaN)
✅ [2380] Ориентация стабильна: (101.82, NaN, NaN)
✅ [2380] Ориентация стабильна: (101.38, NaN, NaN)
✅ [2380] Ориентация стабильна: (100.14, NaN, NaN)
✅ [2380] Ориентация стабильна: (99.21, NaN, NaN)
✅ [2380] Ориентация стабильна: (98.62, NaN, NaN)
✅ [2380] Ориентация стабильна: (99.98, NaN, NaN)
✅ [2380] Ориентация стабильна: (101.01, NaN, NaN)
✅ [2380] Ориентация стабильна: (100.70, NaN, NaN)
✅ [2380] Ориентация стабильна: (100.62, NaN, NaN)
✅ [2380] Ориентация стабильна: (100.50, NaN, NaN)
✅ [2380] Ориентация стабильна: (101.59, NaN, NaN)
✅ [2380] Ориентация стабильна: (101.08, NaN, NaN)
✅ [2380] Ориентация стабильна: (102.32, NaN, NaN)
✅ [2380] Ориентация стабильна: (101.20, NaN, NaN)
✅ [2380] Ориентация стабильна: (99.93, NaN, NaN)
✅ [2380] Ориентация стабильна: (99.68, NaN, NaN)
✅ [2380] Ориентация стабильна: (100.28, NaN, NaN)
✅ [2380] Ориентация стабильна: (99.38, NaN, NaN)
✅ [2380] Ориентация стабильна: (100.32, NaN, NaN)
✅ [2380] Ориентация стабильна: (99.77, NaN, NaN)
✅ [2380] Ориентация стабильна: (98.62, NaN, NaN)
✅ [2380] Ориентация стабильна: (100.06, NaN, NaN)
✅ [2380] Ориентация стабильна: (100.59, NaN, NaN)
✅ [2380] Ориентация стабильна: (99.55, NaN, NaN)
✅ [2380] Ориентация стабильна: (98.39, NaN, NaN)
✅ [2380] Ориентация стабильна: (97.31, NaN, NaN)
✅ [2380] Ориентация стабильна: (97.43, NaN, NaN)
✅ [2380] Ориентация стабильна: (96.68, NaN, NaN)
✅ [2380] Ориентация стабильна: (96.10, NaN, NaN)
✅ [2380] Ориентация стабильна: (97.22, NaN, NaN)
✅ [2380] Ориентация стабильна: (98.16, NaN, NaN)
✅ [2380] Ориентация стабильна: (98.10, NaN, NaN)
✅ [2380] Ориентация стабильна: (98.15, NaN, NaN)
